Scenario_01_2791.inp
  ***** Input Parameters *****
    Jcalc      =     2791
    Mag        =    7.400
    Ftype      =     0.00
    Dip        =   90.000
    HWFlag     =        0
    Vs30m      =  400.000
     Vs30m -- > measured
    Hypodepth  =    7.200
    Width      =    8.000
    DepthVs10  =    0.360
    DepthVs15  =    1.000
    DepthVs25  =    2.800
    Depthtop   =    0.000
  Period(s)   Mag    Rrup      Rjb      SeisDist HypoDist    Rx         Ry0          SA(g)         Sigma   Const1  Const2  SigAdd      Phi       Tau              Per_Notes                     GMModel                     Sigma Model
     0.010   7.400     0.100     0.100     0.100     0.100     0.100  -999.000  0.5461E+00  0.5565  0.0000  0.0000  0.0000  0.4709  0.2965    Defined   ASK_NGAWest2_2013-Hor-Glob-MS-MesVs                                               ASK_NGAWest2_2013-Hor-Glob-MS-MesVs
     0.020   7.400     0.100     0.100     0.100     0.100     0.100  -999.000  0.5486E+00  0.5518  0.0000  0.0000  0.0000  0.4686  0.2914    Defined   ASK_NGAWest2_2013-Hor-Glob-MS-MesVs                                               ASK_NGAWest2_2013-Hor-Glob-MS-MesVs
     0.030   7.400     0.100     0.100     0.100     0.100     0.100  -999.000  0.5383E+00  0.5350  0.0000  0.0000  0.0000  0.4605  0.2723    Defined   ASK_NGAWest2_2013-Hor-Glob-MS-MesVs                                               ASK_NGAWest2_2013-Hor-Glob-MS-MesVs
     0.050   7.400     0.100     0.100     0.100     0.100     0.100  -999.000  0.5697E+00  0.5201  0.0000  0.0000  0.0000  0.4568  0.2486    Defined   ASK_NGAWest2_2013-Hor-Glob-MS-MesVs                                               ASK_NGAWest2_2013-Hor-Glob-MS-MesVs
     0.075   7.400     0.100     0.100     0.100     0.100     0.100  -999.000  0.6830E+00  0.5147  0.0000  0.0000  0.0000  0.4569  0.2370    Defined   ASK_NGAWest2_2013-Hor-Glob-MS-MesVs                                               ASK_NGAWest2_2013-Hor-Glob-MS-MesVs
     0.100   7.400     0.100     0.100     0.100     0.100     0.100  -999.000  0.8209E+00  0.5136  0.0000  0.0000  0.0000  0.4576  0.2332    Defined   ASK_NGAWest2_2013-Hor-Glob-MS-MesVs                                               ASK_NGAWest2_2013-Hor-Glob-MS-MesVs
     0.150   7.400     0.100     0.100     0.100     0.100     0.100  -999.000  0.1131E+01  0.5147  0.0000  0.0000  0.0000  0.4561  0.2385    Defined   ASK_NGAWest2_2013-Hor-Glob-MS-MesVs                                               ASK_NGAWest2_2013-Hor-Glob-MS-MesVs
     0.200   7.400     0.100     0.100     0.100     0.100     0.100  -999.000  0.1404E+01  0.5377  0.0000  0.0000  0.0000  0.4664  0.2675    Defined   ASK_NGAWest2_2013-Hor-Glob-MS-MesVs                                               ASK_NGAWest2_2013-Hor-Glob-MS-MesVs
     0.250   7.400     0.100     0.100     0.100     0.100     0.100  -999.000  0.1550E+01  0.5720  0.0000  0.0000  0.0000  0.4838  0.3051    Defined   ASK_NGAWest2_2013-Hor-Glob-MS-MesVs                                               ASK_NGAWest2_2013-Hor-Glob-MS-MesVs
     0.300   7.400     0.100     0.100     0.100     0.100     0.100  -999.000  0.1596E+01  0.6122  0.0000  0.0000  0.0000  0.5082  0.3413    Defined   ASK_NGAWest2_2013-Hor-Glob-MS-MesVs                                               ASK_NGAWest2_2013-Hor-Glob-MS-MesVs
     0.400   7.400     0.100     0.100     0.100     0.100     0.100  -999.000  0.1364E+01  0.6357  0.0000  0.0000  0.0000  0.5240  0.3600    Defined   ASK_NGAWest2_2013-Hor-Glob-MS-MesVs                                               ASK_NGAWest2_2013-Hor-Glob-MS-MesVs
     0.500   7.400     0.100     0.100     0.100     0.100     0.100  -999.000  0.1162E+01  0.6424  0.0000  0.0000  0.0000  0.5320  0.3600    Defined   ASK_NGAWest2_2013-Hor-Glob-MS-MesVs                                               ASK_NGAWest2_2013-Hor-Glob-MS-MesVs
     0.750   7.400     0.100     0.100     0.100     0.100     0.100  -999.000  0.8295E+00  0.6557  0.0000  0.0000  0.0000  0.5480  0.3600    Defined   ASK_NGAWest2_2013-Hor-Glob-MS-MesVs                                               ASK_NGAWest2_2013-Hor-Glob-MS-MesVs
     1.000   7.400     0.100     0.100     0.100     0.100     0.100  -999.000  0.6303E+00  0.6699  0.0000  0.0000  0.0000  0.5650  0.3600    Defined   ASK_NGAWest2_2013-Hor-Glob-MS-MesVs                                               ASK_NGAWest2_2013-Hor-Glob-MS-MesVs
     1.500   7.400     0.100     0.100     0.100     0.100     0.100  -999.000  0.4204E+00  0.6792  0.0000  0.0000  0.0000  0.5760  0.3600    Defined   ASK_NGAWest2_2013-Hor-Glob-MS-MesVs                                               ASK_NGAWest2_2013-Hor-Glob-MS-MesVs
     2.000   7.400     0.100     0.100     0.100     0.100     0.100  -999.000  0.2982E+00  0.6886  0.0000  0.0000  0.0000  0.5870  0.3600    Defined   ASK_NGAWest2_2013-Hor-Glob-MS-MesVs                                               ASK_NGAWest2_2013-Hor-Glob-MS-MesVs
     3.000   7.400     0.100     0.100     0.100     0.100     0.100  -999.000  0.1939E+00  0.6792  0.0000  0.0000  0.0000  0.5760  0.3600    Defined   ASK_NGAWest2_2013-Hor-Glob-MS-MesVs                                               ASK_NGAWest2_2013-Hor-Glob-MS-MesVs
     4.000   7.400     0.100     0.100     0.100     0.100     0.100  -999.000  0.1481E+00  0.6699  0.0000  0.0000  0.0000  0.5650  0.3600    Defined   ASK_NGAWest2_2013-Hor-Glob-MS-MesVs                                               ASK_NGAWest2_2013-Hor-Glob-MS-MesVs
     5.000   7.400     0.100     0.100     0.100     0.100     0.100  -999.000  0.1157E+00  0.6725  0.0000  0.0000  0.0000  0.5680  0.3600    Defined   ASK_NGAWest2_2013-Hor-Glob-MS-MesVs                                               ASK_NGAWest2_2013-Hor-Glob-MS-MesVs
     7.500   7.400     0.100     0.100     0.100     0.100     0.100  -999.000  0.6495E-01  0.6784  0.0000  0.0000  0.0000  0.5750  0.3600    Defined   ASK_NGAWest2_2013-Hor-Glob-MS-MesVs                                               ASK_NGAWest2_2013-Hor-Glob-MS-MesVs
    10.000   7.400     0.100     0.100     0.100     0.100     0.100  -999.000  0.3979E-01  0.6869  0.0000  0.0000  0.0000  0.5850  0.3600    Defined   ASK_NGAWest2_2013-Hor-Glob-MS-MesVs                                               ASK_NGAWest2_2013-Hor-Glob-MS-MesVs
